


ARM Macro Assembler    Page 1 


    1 00000000                 AREA             RESET,DATA,READONLY
    2 00000000                 EXPORT           __Vectors
    3 00000000         __Vectors
    4 00000000 40001000        DCD              0x40001000
    5 00000004 00000000        DCD              Reset_Handler
    6 00000008                 ALIGN
    7 00000008                 AREA             mycode,CODE,READONLY
    8 00000000                 ENTRY
    9 00000000                 EXPORT           Reset_Handler
   10 00000000         Reset_Handler
   11 00000000 4803            LDR              R0,=Src     ;LOAD ADDRESS OF SR
                                                            C IN REGISTER R0
   12 00000002 4904            LDR              R1,=DST     ;LOAD ADDRESS OF DS
                                                            T IN REGISTER R1
   13 00000004 6802            LDR              R2,[R0]     ;LOAD ADDRESS OF RE
                                                            GISTER R0 IN REGIST
                                                            ER R2
   14 00000006 600A            STR              R2,[R1]     ;STORE VALUE OF R2 
                                                            TO R1
   15 00000008 E7FE    STOP    B                STOP
   16 0000000A 00 00 12345678 
                       Src     DCD              0X12345678
   17 00000010 00000000 
              00000000         AREA             data1,DATA,READWRITE
   18 00000000 00000000 
                       DST     DCD              0
                       
Command Line: --debug --xref --cpu=Cortex-M3 --apcs=interwork --depend=firstpro
g.d -ofirstprog.o -IC:\Keil\ARM\RV31\INC -IC:\Keil\ARM\CMSIS\Include -IC:\Keil\
ARM\Inc\NXP\LPC17xx --predefine="__EVAL SETA 1" --list=firstprog.lst firstprog.
s



ARM Macro Assembler    Page 1 Alphabetic symbol ordering
Relocatable symbols

RESET 00000000

Symbol: RESET
   Definitions
      At line 1 in file firstprog.s
   Uses
      None
Comment: RESET unused
__Vectors 00000000

Symbol: __Vectors
   Definitions
      At line 3 in file firstprog.s
   Uses
      At line 2 in file firstprog.s
Comment: __Vectors used once
2 symbols



ARM Macro Assembler    Page 1 Alphabetic symbol ordering
Relocatable symbols

Reset_Handler 00000000

Symbol: Reset_Handler
   Definitions
      At line 10 in file firstprog.s
   Uses
      At line 5 in file firstprog.s
      At line 9 in file firstprog.s

STOP 00000008

Symbol: STOP
   Definitions
      At line 15 in file firstprog.s
   Uses
      At line 15 in file firstprog.s
Comment: STOP used once
Src 0000000C

Symbol: Src
   Definitions
      At line 16 in file firstprog.s
   Uses
      At line 11 in file firstprog.s
Comment: Src used once
mycode 00000000

Symbol: mycode
   Definitions
      At line 7 in file firstprog.s
   Uses
      None
Comment: mycode unused
4 symbols



ARM Macro Assembler    Page 1 Alphabetic symbol ordering
Relocatable symbols

DST 00000000

Symbol: DST
   Definitions
      At line 18 in file firstprog.s
   Uses
      At line 12 in file firstprog.s
Comment: DST used once
data1 00000000

Symbol: data1
   Definitions
      At line 17 in file firstprog.s
   Uses
      None
Comment: data1 unused
2 symbols
341 symbols in table
