ARM Linker, 5.03 [Build 24] [MDK-ARM Lite]

==============================================================================

Section Cross References

    secondprog.o(RESET) refers to secondprog.o(mycode) for Reset_Handler
    secondprog.o(mycode) refers to secondprog.o(data1) for Src


==============================================================================

Image Symbol Table

    Local Symbols

    Symbol Name                              Value     Ov Type        Size  Object(Section)

    RESET                                    0x00000000   Section        8  secondprog.o(RESET)
    secondprog.s                             0x00000000   Number         0  secondprog.o ABSOLUTE
    mycode                                   0x00000008   Section       20  secondprog.o(mycode)
    data1                                    0x10000000   Section        8  secondprog.o(data1)
    Src                                      0x10000000   Data           4  secondprog.o(data1)
    DST                                      0x10000004   Data           4  secondprog.o(data1)

    Global Symbols

    Symbol Name                              Value     Ov Type        Size  Object(Section)

    BuildAttributes$$THM_ISAv4$P$D$K$B$S$PE$A:L22UL41UL21$X:L11$S22US41US21$IEEE1$IW$USESV6$~STKCKD$USESV7$~SHL$OSPACE$EBA8$STANDARDLIB$PRES8$EABIv2 0x00000000   Number         0  anon$$obj.o ABSOLUTE
    __Vectors                                0x00000000   Data           0  secondprog.o(RESET)
    Reset_Handler                            0x00000009   Thumb Code     0  secondprog.o(mycode)



==============================================================================

Memory Map of the image

  Image Entry point : 0x00000009

  Load Region LR_1 (Base: 0x00000000, Size: 0x00000024, Max: 0xffffffff, ABSOLUTE)

    Execution Region ER_RO (Base: 0x00000000, Size: 0x0000001c, Max: 0xffffffff, ABSOLUTE)

    Base Addr    Size         Type   Attr      Idx    E Section Name        Object

    0x00000000   0x00000008   Data   RO            1    RESET               secondprog.o
    0x00000008   0x00000014   Code   RO            2  * mycode              secondprog.o


    Execution Region ER_RW (Base: 0x10000000, Size: 0x00000008, Max: 0xffffffff, ABSOLUTE)

    Base Addr    Size         Type   Attr      Idx    E Section Name        Object

    0x10000000   0x00000008   Data   RW            3    data1               secondprog.o


    Execution Region ER_ZI (Base: 0x10000008, Size: 0x00000000, Max: 0xffffffff, ABSOLUTE)

    **** No section assigned to this execution region ****


==============================================================================

Image component sizes


      Code (inc. data)   RO Data    RW Data    ZI Data      Debug   Object Name

        20         10          8          8          0        184   secondprog.o

    ----------------------------------------------------------------------
        20         10          8          8          0        184   Object Totals
         0          0          0          0          0          0   (incl. Generated)
         0          0          0          0          0          0   (incl. Padding)

    ----------------------------------------------------------------------
         0          0          0          0          0          0   Library Totals
         0          0          0          0          0          0   (incl. Padding)

    ----------------------------------------------------------------------

==============================================================================


      Code (inc. data)   RO Data    RW Data    ZI Data      Debug   

        20         10          8          8          0        184   Grand Totals
        20         10          8          8          0        184   ELF Image Totals
        20         10          8          8          0          0   ROM Totals

==============================================================================

    Total RO  Size (Code + RO Data)                   28 (   0.03kB)
    Total RW  Size (RW Data + ZI Data)                 8 (   0.01kB)
    Total ROM Size (Code + RO Data + RW Data)         36 (   0.04kB)

==============================================================================

